▲ Next.js 16.2.12 (Turbopack)

  Creating an optimized production build ...

> Build error occurred
Error: Turbopack build failed with 1 errors:
./src/app/globals.css
Error evaluating Node.js code
Error: Cannot find module '../lightningcss.win32-x64-msvc.node'
Require stack:
- C:\Users\kanei\claudecode\02.Homepage_Dev\kanei-web-service\node_modules\lightningcss\node\index.js
- C:\Users\kanei\claudecode\02.Homepage_Dev\kanei-web-service\node_modules\@tailwindcss\node\dist\index.js
- C:\Users\kanei\claudecode\02.Homepage_Dev\kanei-web-service\node_modules\@tailwindcss\postcss\dist\index.js
- C:\Users\kanei\claudecode\02.Homepage_Dev\kanei-web-service\.next\build\chunks\[root-of-the-server]__0oj80bi._.js
- C:\Users\kanei\claudecode\02.Homepage_Dev\kanei-web-service\.next\build\chunks\[turbopack]_runtime.js
- C:\Users\kanei\claudecode\02.Homepage_Dev\kanei-web-service\.next\build\56416d4ae4ce586f.js
    [at Module._resolveFilename (node:internal/modules/cjs/loader:1421:15)]
    [at defaultResolveImpl (node:internal/modules/cjs/loader:1059:19)]
    [at resolveForCJSWithHooks (node:internal/modules/cjs/loader:1064:22)]
    [at Module._load (node:internal/modules/cjs/loader:1227:37)]
    [at TracingChannel.traceSync (node:diagnostics_channel:328:14)]
    [at wrapModuleLoad (node:internal/modules/cjs/loader:245:24)]
    [at Module.require (node:internal/modules/cjs/loader:1504:12)]
    [at require (node:internal/modules/helpers:152:16)]
    [at Object.<anonymous> (C:\Users\kanei\claudecode\02.Homepage_Dev\kanei-web-service\node_modules\lightningcss\node\index.js:20:12)]
    [at Module._compile (node:internal/modules/cjs/loader:1761:14)]

Import trace:
  Client Component Browser:
    ./src/app/globals.css [Client Component Browser]
    ./src/app/layout.tsx [Server Component]


    at ignore-listed frames
